This is pdfTeX, Version 3.141592653-2.6-1.40.27 (TeX Live 2025) (preloaded format=pdflatex)
 restricted \write18 enabled.
entering extended mode
(./f1.tex
LaTeX2e <2024-11-01> patch level 2
L3 programming layer <2025-01-18>
(/usr/local/texlive/2025basic/texmf-dist/tex/latex/beamer/beamer.cls
Document Class: beamer 2025/02/04 v3.72 A class for typesetting presentations
(/usr/local/texlive/2025basic/texmf-dist/tex/latex/beamer/beamerbasemodes.sty
(/usr/local/texlive/2025basic/texmf-dist/tex/latex/etoolbox/etoolbox.sty)
(/usr/local/texlive/2025basic/texmf-dist/tex/latex/beamer/beamerbasedecode.sty)
) (/usr/local/texlive/2025basic/texmf-dist/tex/generic/iftex/iftex.sty)
(/usr/local/texlive/2025basic/texmf-dist/tex/latex/beamer/beamerbaseoptions.sty
(/usr/local/texlive/2025basic/texmf-dist/tex/latex/graphics/keyval.sty))
(/usr/local/texlive/2025basic/texmf-dist/tex/latex/geometry/geometry.sty
(/usr/local/texlive/2025basic/texmf-dist/tex/generic/iftex/ifvtex.sty))
(/usr/local/texlive/2025basic/texmf-dist/tex/latex/pgf/math/pgfmath.sty
(/usr/local/texlive/2025basic/texmf-dist/tex/latex/pgf/utilities/pgfrcs.sty
(/usr/local/texlive/2025basic/texmf-dist/tex/generic/pgf/utilities/pgfutil-comm
on.tex)
(/usr/local/texlive/2025basic/texmf-dist/tex/generic/pgf/utilities/pgfutil-late
x.def)
(/usr/local/texlive/2025basic/texmf-dist/tex/generic/pgf/utilities/pgfrcs.code.
tex (/usr/local/texlive/2025basic/texmf-dist/tex/generic/pgf/pgf.revision.tex))
) (/usr/local/texlive/2025basic/texmf-dist/tex/latex/pgf/utilities/pgfkeys.sty
(/usr/local/texlive/2025basic/texmf-dist/tex/generic/pgf/utilities/pgfkeys.code
.tex
(/usr/local/texlive/2025basic/texmf-dist/tex/generic/pgf/utilities/pgfkeyslibra
ryfiltered.code.tex)))
(/usr/local/texlive/2025basic/texmf-dist/tex/generic/pgf/math/pgfmath.code.tex
(/usr/local/texlive/2025basic/texmf-dist/tex/generic/pgf/math/pgfmathutil.code.
tex)
(/usr/local/texlive/2025basic/texmf-dist/tex/generic/pgf/math/pgfmathparser.cod
e.tex)
(/usr/local/texlive/2025basic/texmf-dist/tex/generic/pgf/math/pgfmathfunctions.
code.tex)
(/usr/local/texlive/2025basic/texmf-dist/tex/generic/pgf/math/pgfmathfunctions.
basic.code.tex)
(/usr/local/texlive/2025basic/texmf-dist/tex/generic/pgf/math/pgfmathfunctions.
trigonometric.code.tex)
(/usr/local/texlive/2025basic/texmf-dist/tex/generic/pgf/math/pgfmathfunctions.
random.code.tex)
(/usr/local/texlive/2025basic/texmf-dist/tex/generic/pgf/math/pgfmathfunctions.
comparison.code.tex)
(/usr/local/texlive/2025basic/texmf-dist/tex/generic/pgf/math/pgfmathfunctions.
base.code.tex)
(/usr/local/texlive/2025basic/texmf-dist/tex/generic/pgf/math/pgfmathfunctions.
round.code.tex)
(/usr/local/texlive/2025basic/texmf-dist/tex/generic/pgf/math/pgfmathfunctions.
misc.code.tex)
(/usr/local/texlive/2025basic/texmf-dist/tex/generic/pgf/math/pgfmathfunctions.
integerarithmetics.code.tex)
(/usr/local/texlive/2025basic/texmf-dist/tex/generic/pgf/math/pgfmathcalc.code.
tex)
(/usr/local/texlive/2025basic/texmf-dist/tex/generic/pgf/math/pgfmathfloat.code
.tex))) (/usr/local/texlive/2025basic/texmf-dist/tex/latex/base/size11.clo)
(/usr/local/texlive/2025basic/texmf-dist/tex/latex/pgf/basiclayer/pgfcore.sty
(/usr/local/texlive/2025basic/texmf-dist/tex/latex/graphics/graphicx.sty
(/usr/local/texlive/2025basic/texmf-dist/tex/latex/graphics/graphics.sty
(/usr/local/texlive/2025basic/texmf-dist/tex/latex/graphics/trig.sty)
(/usr/local/texlive/2025basic/texmf-dist/tex/latex/graphics-cfg/graphics.cfg)
(/usr/local/texlive/2025basic/texmf-dist/tex/latex/graphics-def/pdftex.def)))
(/usr/local/texlive/2025basic/texmf-dist/tex/latex/pgf/systemlayer/pgfsys.sty
(/usr/local/texlive/2025basic/texmf-dist/tex/generic/pgf/systemlayer/pgfsys.cod
e.tex
(/usr/local/texlive/2025basic/texmf-dist/tex/generic/pgf/systemlayer/pgf.cfg)
(/usr/local/texlive/2025basic/texmf-dist/tex/generic/pgf/systemlayer/pgfsys-pdf
tex.def
(/usr/local/texlive/2025basic/texmf-dist/tex/generic/pgf/systemlayer/pgfsys-com
mon-pdf.def)))
(/usr/local/texlive/2025basic/texmf-dist/tex/generic/pgf/systemlayer/pgfsyssoft
path.code.tex)
(/usr/local/texlive/2025basic/texmf-dist/tex/generic/pgf/systemlayer/pgfsysprot
ocol.code.tex))
(/usr/local/texlive/2025basic/texmf-dist/tex/latex/xcolor/xcolor.sty
(/usr/local/texlive/2025basic/texmf-dist/tex/latex/graphics-cfg/color.cfg)
(/usr/local/texlive/2025basic/texmf-dist/tex/latex/graphics/mathcolor.ltx))
(/usr/local/texlive/2025basic/texmf-dist/tex/generic/pgf/basiclayer/pgfcore.cod
e.tex
(/usr/local/texlive/2025basic/texmf-dist/tex/generic/pgf/math/pgfint.code.tex)
(/usr/local/texlive/2025basic/texmf-dist/tex/generic/pgf/basiclayer/pgfcorepoin
ts.code.tex)
(/usr/local/texlive/2025basic/texmf-dist/tex/generic/pgf/basiclayer/pgfcorepath
construct.code.tex)
(/usr/local/texlive/2025basic/texmf-dist/tex/generic/pgf/basiclayer/pgfcorepath
usage.code.tex)
(/usr/local/texlive/2025basic/texmf-dist/tex/generic/pgf/basiclayer/pgfcorescop
es.code.tex)
(/usr/local/texlive/2025basic/texmf-dist/tex/generic/pgf/basiclayer/pgfcoregrap
hicstate.code.tex)
(/usr/local/texlive/2025basic/texmf-dist/tex/generic/pgf/basiclayer/pgfcoretran
sformations.code.tex)
(/usr/local/texlive/2025basic/texmf-dist/tex/generic/pgf/basiclayer/pgfcorequic
k.code.tex)
(/usr/local/texlive/2025basic/texmf-dist/tex/generic/pgf/basiclayer/pgfcoreobje
cts.code.tex)
(/usr/local/texlive/2025basic/texmf-dist/tex/generic/pgf/basiclayer/pgfcorepath
processing.code.tex)
(/usr/local/texlive/2025basic/texmf-dist/tex/generic/pgf/basiclayer/pgfcorearro
ws.code.tex)
(/usr/local/texlive/2025basic/texmf-dist/tex/generic/pgf/basiclayer/pgfcoreshad
e.code.tex)
(/usr/local/texlive/2025basic/texmf-dist/tex/generic/pgf/basiclayer/pgfcoreimag
e.code.tex)
(/usr/local/texlive/2025basic/texmf-dist/tex/generic/pgf/basiclayer/pgfcoreexte
rnal.code.tex)
(/usr/local/texlive/2025basic/texmf-dist/tex/generic/pgf/basiclayer/pgfcorelaye
rs.code.tex)
(/usr/local/texlive/2025basic/texmf-dist/tex/generic/pgf/basiclayer/pgfcoretran
sparency.code.tex)
(/usr/local/texlive/2025basic/texmf-dist/tex/generic/pgf/basiclayer/pgfcorepatt
erns.code.tex)
(/usr/local/texlive/2025basic/texmf-dist/tex/generic/pgf/basiclayer/pgfcorerdf.
code.tex)))
(/usr/local/texlive/2025basic/texmf-dist/tex/latex/pgf/utilities/xxcolor.sty)
(/usr/local/texlive/2025basic/texmf-dist/tex/latex/base/atbegshi-ltx.sty)
(/usr/local/texlive/2025basic/texmf-dist/tex/latex/hyperref/hyperref.sty
(/usr/local/texlive/2025basic/texmf-dist/tex/latex/kvsetkeys/kvsetkeys.sty)
(/usr/local/texlive/2025basic/texmf-dist/tex/generic/kvdefinekeys/kvdefinekeys.
sty)
(/usr/local/texlive/2025basic/texmf-dist/tex/generic/pdfescape/pdfescape.sty
(/usr/local/texlive/2025basic/texmf-dist/tex/generic/ltxcmds/ltxcmds.sty)
(/usr/local/texlive/2025basic/texmf-dist/tex/generic/pdftexcmds/pdftexcmds.sty
(/usr/local/texlive/2025basic/texmf-dist/tex/generic/infwarerr/infwarerr.sty)))
 (/usr/local/texlive/2025basic/texmf-dist/tex/latex/hycolor/hycolor.sty)
(/usr/local/texlive/2025basic/texmf-dist/tex/latex/hyperref/nameref.sty
(/usr/local/texlive/2025basic/texmf-dist/tex/latex/refcount/refcount.sty)
(/usr/local/texlive/2025basic/texmf-dist/tex/generic/gettitlestring/gettitlestr
ing.sty
(/usr/local/texlive/2025basic/texmf-dist/tex/latex/kvoptions/kvoptions.sty)))
(/usr/local/texlive/2025basic/texmf-dist/tex/generic/stringenc/stringenc.sty)
(/usr/local/texlive/2025basic/texmf-dist/tex/latex/hyperref/pd1enc.def)
(/usr/local/texlive/2025basic/texmf-dist/tex/generic/intcalc/intcalc.sty)
(/usr/local/texlive/2025basic/texmf-dist/tex/latex/hyperref/puenc.def)
(/usr/local/texlive/2025basic/texmf-dist/tex/latex/url/url.sty)
(/usr/local/texlive/2025basic/texmf-dist/tex/generic/bitset/bitset.sty
(/usr/local/texlive/2025basic/texmf-dist/tex/generic/bigintcalc/bigintcalc.sty)
)

Package hyperref Message: Stopped early.

) (/usr/local/texlive/2025basic/texmf-dist/tex/latex/hyperref/hpdftex.def
(/usr/local/texlive/2025basic/texmf-dist/tex/latex/base/atveryend-ltx.sty)
(/usr/local/texlive/2025basic/texmf-dist/tex/latex/rerunfilecheck/rerunfilechec
k.sty
(/usr/local/texlive/2025basic/texmf-dist/tex/generic/uniquecounter/uniquecounte
r.sty)))
(/usr/local/texlive/2025basic/texmf-dist/tex/latex/beamer/beamerbaserequires.st
y
(/usr/local/texlive/2025basic/texmf-dist/tex/latex/beamer/beamerbasecompatibili
ty.sty)
(/usr/local/texlive/2025basic/texmf-dist/tex/latex/beamer/beamerbasefont.sty
(/usr/local/texlive/2025basic/texmf-dist/tex/latex/amsfonts/amssymb.sty
(/usr/local/texlive/2025basic/texmf-dist/tex/latex/amsfonts/amsfonts.sty)))
(/usr/local/texlive/2025basic/texmf-dist/tex/latex/beamer/beamerbasetranslator.
sty
(/usr/local/texlive/2025basic/texmf-dist/tex/latex/translator/translator.sty))
(/usr/local/texlive/2025basic/texmf-dist/tex/latex/beamer/beamerbasemisc.sty)
(/usr/local/texlive/2025basic/texmf-dist/tex/latex/beamer/beamerbasetwoscreens.
sty)
(/usr/local/texlive/2025basic/texmf-dist/tex/latex/beamer/beamerbaseoverlay.sty
) (/usr/local/texlive/2025basic/texmf-dist/tex/latex/beamer/beamerbasetitle.sty
)
(/usr/local/texlive/2025basic/texmf-dist/tex/latex/beamer/beamerbasesection.sty
) (/usr/local/texlive/2025basic/texmf-dist/tex/latex/beamer/beamerbaseframe.sty
)
(/usr/local/texlive/2025basic/texmf-dist/tex/latex/beamer/beamerbaseverbatim.st
y)
(/usr/local/texlive/2025basic/texmf-dist/tex/latex/beamer/beamerbaseframesize.s
ty)
(/usr/local/texlive/2025basic/texmf-dist/tex/latex/beamer/beamerbaseframecompon
ents.sty)
(/usr/local/texlive/2025basic/texmf-dist/tex/latex/beamer/beamerbasecolor.sty)
(/usr/local/texlive/2025basic/texmf-dist/tex/latex/beamer/beamerbasenotes.sty)
(/usr/local/texlive/2025basic/texmf-dist/tex/latex/beamer/beamerbasetoc.sty)
(/usr/local/texlive/2025basic/texmf-dist/tex/latex/beamer/beamerbasetemplates.s
ty
(/usr/local/texlive/2025basic/texmf-dist/tex/latex/beamer/beamerbaseauxtemplate
s.sty
(/usr/local/texlive/2025basic/texmf-dist/tex/latex/beamer/beamerbaseboxes.sty))
)
(/usr/local/texlive/2025basic/texmf-dist/tex/latex/beamer/beamerbaselocalstruct
ure.sty (/usr/local/texlive/2025basic/texmf-dist/tex/latex/tools/enumerate.sty)
)
(/usr/local/texlive/2025basic/texmf-dist/tex/latex/beamer/beamerbasenavigation.
sty
(/usr/local/texlive/2025basic/texmf-dist/tex/latex/beamer/beamerbasenavigations
ymbols.tex))
(/usr/local/texlive/2025basic/texmf-dist/tex/latex/beamer/beamerbasetheorems.st
y (/usr/local/texlive/2025basic/texmf-dist/tex/latex/amsmath/amsmath.sty
For additional information on amsmath, use the `?' option.
(/usr/local/texlive/2025basic/texmf-dist/tex/latex/amsmath/amstext.sty
(/usr/local/texlive/2025basic/texmf-dist/tex/latex/amsmath/amsgen.sty))
(/usr/local/texlive/2025basic/texmf-dist/tex/latex/amsmath/amsbsy.sty)
(/usr/local/texlive/2025basic/texmf-dist/tex/latex/amsmath/amsopn.sty))
(/usr/local/texlive/2025basic/texmf-dist/tex/latex/amscls/amsthm.sty))
(/usr/local/texlive/2025basic/texmf-dist/tex/latex/beamer/beamerbasethemes.sty)
)
(/usr/local/texlive/2025basic/texmf-dist/tex/latex/beamer/beamerthemedefault.st
y
(/usr/local/texlive/2025basic/texmf-dist/tex/latex/beamer/beamerfontthemedefaul
t.sty)
(/usr/local/texlive/2025basic/texmf-dist/tex/latex/beamer/beamercolorthemedefau
lt.sty)
(/usr/local/texlive/2025basic/texmf-dist/tex/latex/beamer/beamerinnerthemedefau
lt.sty)
(/usr/local/texlive/2025basic/texmf-dist/tex/latex/beamer/beamerouterthemedefau
lt.sty)))
(/usr/local/texlive/2025basic/texmf-dist/tex/latex/beamer/beamerthemeMadrid.sty

(/usr/local/texlive/2025basic/texmf-dist/tex/latex/beamer/beamercolorthemewhale
.sty)
(/usr/local/texlive/2025basic/texmf-dist/tex/latex/beamer/beamercolorthemeorchi
d.sty)
(/usr/local/texlive/2025basic/texmf-dist/tex/latex/beamer/beamerinnerthemeround
ed.sty)
(/usr/local/texlive/2025basic/texmf-dist/tex/latex/beamer/beamerouterthemeinfol
ines.sty))
(/usr/local/texlive/2025basic/texmf-dist/tex/latex/beamer/beamerinnerthemerecta
ngles.sty) (/usr/local/texlive/2025basic/texmf-dist/tex/latex/base/inputenc.sty
) (/usr/local/texlive/2025basic/texmf-dist/tex/latex/booktabs/booktabs.sty)
(/usr/local/texlive/2025basic/texmf-dist/tex/latex/tools/array.sty)
(/usr/local/texlive/2025basic/texmf-dist/tex/latex/multirow/multirow.sty)
(/usr/local/texlive/2025basic/texmf-dist/tex/latex/pgf/frontendlayer/tikz.sty
(/usr/local/texlive/2025basic/texmf-dist/tex/latex/pgf/basiclayer/pgf.sty
(/usr/local/texlive/2025basic/texmf-dist/tex/generic/pgf/modules/pgfmoduleshape
s.code.tex)
(/usr/local/texlive/2025basic/texmf-dist/tex/generic/pgf/modules/pgfmoduleplot.
code.tex)
(/usr/local/texlive/2025basic/texmf-dist/tex/latex/pgf/compatibility/pgfcomp-ve
rsion-0-65.sty)
(/usr/local/texlive/2025basic/texmf-dist/tex/latex/pgf/compatibility/pgfcomp-ve
rsion-1-18.sty))
(/usr/local/texlive/2025basic/texmf-dist/tex/latex/pgf/utilities/pgffor.sty
(/usr/local/texlive/2025basic/texmf-dist/tex/generic/pgf/utilities/pgffor.code.
tex))
(/usr/local/texlive/2025basic/texmf-dist/tex/generic/pgf/frontendlayer/tikz/tik
z.code.tex
(/usr/local/texlive/2025basic/texmf-dist/tex/generic/pgf/libraries/pgflibrarypl
othandlers.code.tex)
(/usr/local/texlive/2025basic/texmf-dist/tex/generic/pgf/modules/pgfmodulematri
x.code.tex)
(/usr/local/texlive/2025basic/texmf-dist/tex/generic/pgf/frontendlayer/tikz/lib
raries/tikzlibrarytopaths.code.tex)))
(/usr/local/texlive/2025basic/texmf-dist/tex/generic/pgf/frontendlayer/tikz/lib
raries/tikzlibraryshapes.code.tex
(/usr/local/texlive/2025basic/texmf-dist/tex/generic/pgf/frontendlayer/tikz/lib
raries/tikzlibraryshapes.geometric.code.tex
(/usr/local/texlive/2025basic/texmf-dist/tex/generic/pgf/libraries/shapes/pgfli
braryshapes.geometric.code.tex))
(/usr/local/texlive/2025basic/texmf-dist/tex/generic/pgf/frontendlayer/tikz/lib
raries/tikzlibraryshapes.misc.code.tex
(/usr/local/texlive/2025basic/texmf-dist/tex/generic/pgf/libraries/shapes/pgfli
braryshapes.misc.code.tex))
(/usr/local/texlive/2025basic/texmf-dist/tex/generic/pgf/frontendlayer/tikz/lib
raries/tikzlibraryshapes.symbols.code.tex
(/usr/local/texlive/2025basic/texmf-dist/tex/generic/pgf/libraries/shapes/pgfli
braryshapes.symbols.code.tex))
(/usr/local/texlive/2025basic/texmf-dist/tex/generic/pgf/frontendlayer/tikz/lib
raries/tikzlibraryshapes.arrows.code.tex
(/usr/local/texlive/2025basic/texmf-dist/tex/generic/pgf/libraries/shapes/pgfli
braryshapes.arrows.code.tex))
(/usr/local/texlive/2025basic/texmf-dist/tex/generic/pgf/frontendlayer/tikz/lib
raries/tikzlibraryshapes.callouts.code.tex
(/usr/local/texlive/2025basic/texmf-dist/tex/generic/pgf/libraries/shapes/pgfli
braryshapes.callouts.code.tex))
(/usr/local/texlive/2025basic/texmf-dist/tex/generic/pgf/frontendlayer/tikz/lib
raries/tikzlibraryshapes.multipart.code.tex
(/usr/local/texlive/2025basic/texmf-dist/tex/generic/pgf/libraries/shapes/pgfli
braryshapes.multipart.code.tex)))
(/usr/local/texlive/2025basic/texmf-dist/tex/generic/pgf/frontendlayer/tikz/lib
raries/tikzlibraryarrows.code.tex
(/usr/local/texlive/2025basic/texmf-dist/tex/generic/pgf/libraries/pgflibraryar
rows.code.tex))
(/usr/local/texlive/2025basic/texmf-dist/tex/generic/pgf/frontendlayer/tikz/lib
raries/tikzlibrarypositioning.code.tex)
(/usr/local/texlive/2025basic/texmf-dist/tex/generic/pgf/frontendlayer/tikz/lib
raries/tikzlibrarycalc.code.tex)
(/usr/local/texlive/2025basic/texmf-dist/tex/generic/pgf/frontendlayer/tikz/lib
raries/tikzlibrarypatterns.code.tex
(/usr/local/texlive/2025basic/texmf-dist/tex/generic/pgf/libraries/pgflibrarypa
tterns.code.tex))
(/usr/local/texlive/2025basic/texmf-dist/tex/generic/pgf/frontendlayer/tikz/lib
raries/tikzlibrarydecorations.pathmorphing.code.tex
(/usr/local/texlive/2025basic/texmf-dist/tex/generic/pgf/frontendlayer/tikz/lib
raries/tikzlibrarydecorations.code.tex
(/usr/local/texlive/2025basic/texmf-dist/tex/generic/pgf/modules/pgfmoduledecor
ations.code.tex))
(/usr/local/texlive/2025basic/texmf-dist/tex/generic/pgf/libraries/decorations/
pgflibrarydecorations.pathmorphing.code.tex))
(/usr/local/texlive/2025basic/texmf-dist/tex/latex/siunitx/siunitx.sty)
(/usr/local/texlive/2025basic/texmf-dist/tex/latex/base/textcomp.sty)
(/usr/local/texlive/2025basic/texmf-dist/tex/latex/l3backend/l3backend-pdftex.d
ef) (./f1.aux)
*geometry* driver: auto-detecting
*geometry* detected driver: pdftex
(/usr/local/texlive/2025basic/texmf-dist/tex/context/base/mkii/supp-pdf.mkii
[Loading MPS to PDF converter (version 2006.09.02).]
)
(/usr/local/texlive/2025basic/texmf-dist/tex/latex/epstopdf-pkg/epstopdf-base.s
ty
(/usr/local/texlive/2025basic/texmf-dist/tex/latex/latexconfig/epstopdf-sys.cfg
)) (./f1.out) (./f1.out)
(/usr/local/texlive/2025basic/texmf-dist/tex/latex/translator/translator-basic-
dictionary-English.dict)
(/usr/local/texlive/2025basic/texmf-dist/tex/latex/translator/translator-biblio
graphy-dictionary-English.dict)
(/usr/local/texlive/2025basic/texmf-dist/tex/latex/translator/translator-enviro
nment-dictionary-English.dict)
(/usr/local/texlive/2025basic/texmf-dist/tex/latex/translator/translator-months
-dictionary-English.dict)
(/usr/local/texlive/2025basic/texmf-dist/tex/latex/translator/translator-number
s-dictionary-English.dict)
(/usr/local/texlive/2025basic/texmf-dist/tex/latex/translator/translator-theore
m-dictionary-English.dict) (./f1.nav)
[1{/usr/local/texlive/2025basic/texmf-var/fonts/map/pdftex/updmap/pdftex.map}]
(./f1.toc)
[2] (/usr/local/texlive/2025basic/texmf-dist/tex/latex/amsfonts/umsa.fd)
(/usr/local/texlive/2025basic/texmf-dist/tex/latex/amsfonts/umsb.fd)
[3]
[4]
Overfull \vbox (9.64403pt too high) detected at line 167

[5]
[6]
[7]
[8]
[9]
[10]
Overfull \vbox (23.31909pt too high) detected at line 329

[11]
[12]
[13]
[14]
[15]
[16]
Overfull \vbox (23.27834pt too high) detected at line 508

[17]
[18]
[19]
Overfull \vbox (14.30197pt too high) detected at line 594

[20]
[21]
[22]
Overfull \vbox (36.20909pt too high) detected at line 708

[23]
[24]
Overfull \vbox (57.40198pt too high) detected at line 773

[25]
[26]
[27] (./f1.aux) )
(see the transcript file for additional information) </Users/sudarshan/Library/
texlive/2025basic/texmf-var/fonts/pk/ljfour/jknappen/ec/tcss1095.600pk> </Users
/sudarshan/Library/texlive/2025basic/texmf-var/fonts/pk/ljfour/jknappen/ec/tcss
1000.600pk> </Users/sudarshan/Library/texlive/2025basic/texmf-var/fonts/pk/ljfo
ur/jknappen/ec/tcsx1095.600pk></usr/local/texlive/2025basic/texmf-dist/fonts/ty
pe1/public/amsfonts/cm/cmmi10.pfb></usr/local/texlive/2025basic/texmf-dist/font
s/type1/public/amsfonts/cm/cmmi12.pfb></usr/local/texlive/2025basic/texmf-dist/
fonts/type1/public/amsfonts/cm/cmss10.pfb></usr/local/texlive/2025basic/texmf-d
ist/fonts/type1/public/amsfonts/cm/cmss12.pfb></usr/local/texlive/2025basic/tex
mf-dist/fonts/type1/public/amsfonts/cm/cmss17.pfb></usr/local/texlive/2025basic
/texmf-dist/fonts/type1/public/amsfonts/cm/cmss8.pfb></usr/local/texlive/2025ba
sic/texmf-dist/fonts/type1/public/amsfonts/cm/cmss9.pfb></usr/local/texlive/202
5basic/texmf-dist/fonts/type1/public/amsfonts/cm/cmssbx10.pfb></usr/local/texli
ve/2025basic/texmf-dist/fonts/type1/public/amsfonts/cm/cmssi10.pfb></usr/local/
texlive/2025basic/texmf-dist/fonts/type1/public/amsfonts/cm/cmssi12.pfb></usr/l
ocal/texlive/2025basic/texmf-dist/fonts/type1/public/amsfonts/cm/cmssi8.pfb></u
sr/local/texlive/2025basic/texmf-dist/fonts/type1/public/amsfonts/cm/cmssi9.pfb
></usr/local/texlive/2025basic/texmf-dist/fonts/type1/public/amsfonts/cm/cmsy10
.pfb></usr/local/texlive/2025basic/texmf-dist/fonts/type1/public/amsfonts/cm/cm
sy6.pfb></usr/local/texlive/2025basic/texmf-dist/fonts/type1/public/amsfonts/cm
/cmsy7.pfb></usr/local/texlive/2025basic/texmf-dist/fonts/type1/public/amsfonts
/cm/cmsy8.pfb></usr/local/texlive/2025basic/texmf-dist/fonts/type1/public/amsfo
nts/cm/cmsy9.pfb>
Output written on f1.pdf (27 pages, 231378 bytes).
Transcript written on f1.log.
